synapse file: 51,020,159,848 bytes (expected 51,020,159,848)
loading neuron + proofread root_ids ...
  neuron root_ids: 72,789; proofread-axon: 249
aggregating synapses (chunked) ...
  chunk 0: rows=10,000,000 kept_syn=457,094 distinct_pairs=446,135
  chunk 1: rows=20,000,000 kept_syn=913,811 distinct_pairs=873,146
  chunk 2: rows=30,000,000 kept_syn=1,370,840 distinct_pairs=1,284,720
  chunk 3: rows=40,000,000 kept_syn=1,828,104 distinct_pairs=1,682,554
  chunk 4: rows=50,000,000 kept_syn=2,284,633 distinct_pairs=2,067,013
  chunk 5: rows=60,000,000 kept_syn=2,740,562 distinct_pairs=2,439,954
  chunk 6: rows=70,000,000 kept_syn=3,196,930 distinct_pairs=2,803,663
  chunk 7: rows=80,000,000 kept_syn=3,653,996 distinct_pairs=3,158,300
  chunk 8: rows=90,000,000 kept_syn=4,110,298 distinct_pairs=3,504,175
  chunk 9: rows=100,000,000 kept_syn=4,567,251 distinct_pairs=3,842,884
  chunk 10: rows=110,000,000 kept_syn=5,024,292 distinct_pairs=4,174,259
  chunk 11: rows=120,000,000 kept_syn=5,480,593 distinct_pairs=4,499,156
  chunk 12: rows=130,000,000 kept_syn=5,937,588 distinct_pairs=4,817,464
  chunk 13: rows=140,000,000 kept_syn=6,393,449 distinct_pairs=5,129,500
  chunk 14: rows=150,000,000 kept_syn=6,849,589 distinct_pairs=5,436,027
  chunk 15: rows=160,000,000 kept_syn=7,306,470 distinct_pairs=5,737,966
  chunk 16: rows=170,000,000 kept_syn=7,763,088 distinct_pairs=6,033,945
  chunk 17: rows=180,000,000 kept_syn=8,219,427 distinct_pairs=6,326,442
  chunk 18: rows=190,000,000 kept_syn=8,676,338 distinct_pairs=6,614,348
  chunk 19: rows=200,000,000 kept_syn=9,131,671 distinct_pairs=6,897,375
  chunk 20: rows=210,000,000 kept_syn=9,587,028 distinct_pairs=7,175,226
  chunk 21: rows=220,000,000 kept_syn=10,043,854 distinct_pairs=7,451,031
  chunk 22: rows=230,000,000 kept_syn=10,500,254 distinct_pairs=7,722,356
  chunk 23: rows=240,000,000 kept_syn=10,956,597 distinct_pairs=7,990,376
  chunk 24: rows=250,000,000 kept_syn=11,413,188 distinct_pairs=8,254,709
  chunk 25: rows=260,000,000 kept_syn=11,870,250 distinct_pairs=8,516,083
  chunk 26: rows=270,000,000 kept_syn=12,327,939 distinct_pairs=8,775,134
  chunk 27: rows=280,000,000 kept_syn=12,783,362 distinct_pairs=9,029,982
  chunk 28: rows=290,000,000 kept_syn=13,239,733 distinct_pairs=9,282,295
  chunk 29: rows=300,000,000 kept_syn=13,696,903 distinct_pairs=9,532,192
  chunk 30: rows=310,000,000 kept_syn=14,153,774 distinct_pairs=9,778,338
  chunk 31: rows=320,000,000 kept_syn=14,610,447 distinct_pairs=10,021,489
  chunk 32: rows=330,000,000 kept_syn=15,066,871 distinct_pairs=10,262,180
  chunk 33: rows=337,312,429 kept_syn=15,400,557 distinct_pairs=10,436,569
done: 337,312,429 synapse rows; 15,400,557 neuron-neuron non-self synapses; 10,436,569 directed edges
saved /Users/abed359/IdeaProjects/university/deeplearning_thesis/nn_backward_connections/data/processed/microns.npz -> GraphData(name='microns', n_nodes=67,534, n_edges=10,436,569, total_weight=15,400,557, weight_dtype=int64)
saved /Users/abed359/IdeaProjects/university/deeplearning_thesis/nn_backward_connections/data/processed/microns_proofread.npz -> GraphData(name='microns_proofread', n_nodes=245, n_edges=2,424, total_weight=5,466, weight_dtype=int64)
computing stats ...
{
  "canonical": {
    "name": "microns",
    "n_nodes": 67534,
    "n_edges": 10436569,
    "density": 0.002288333047195474,
    "total_weight": 15400557.0,
    "weight_dtype": "int64",
    "n_scc": 1970,
    "giant_scc": 65543,
    "giant_scc_frac": 0.9705185536174371,
    "out_degree_min_med_p99_max_mean": [
      0.0,
      61.0,
      1708.0099999999948,
      12246.0,
      154.53799567625197
    ],
    "in_degree_min_med_p99_max_mean": [
      0.0,
      125.0,
      697.0,
      6866.0,
      154.53799567625197
    ],
    "weight_min_med_p99_max_mean": [
      1.0,
      1.0,
      7.0,
      1551.0,
      1.4756340900922515
    ],
    "n_isolated_sinks": 1205,
    "n_isolated_sources": 664
  },
  "proofread_subset": {
    "name": "microns_proofread",
    "n_nodes": 245,
    "n_edges": 2424,
    "density": 0.04054867848778856,
    "total_weight": 5466.0,
    "weight_dtype": "int64",
    "n_scc": 60,
    "giant_scc": 186,
    "giant_scc_frac": 0.7591836734693878,
    "out_degree_min_med_p99_max_mean": [
      0.0,
      6.0,
      45.56,
      58.0,
      9.893877551020408
    ],
    "in_degree_min_med_p99_max_mean": [
      0.0,
      5.0,
      40.56,
      48.0,
      9.893877551020408
    ],
    "weight_min_med_p99_max_mean": [
      1.0,
      1.0,
      11.0,
      37.0,
      2.254950495049505
    ],
    "n_isolated_sinks": 32,
    "n_isolated_sources": 12
  },
  "build": {
    "seg_version": "v117",
    "total_synapse_rows": 337312429,
    "kept_neuron_neuron_synapses": 15400557,
    "neuron_root_ids": 72789,
    "proofread_axon_root_ids": 249
  }
}
wrote /Users/abed359/IdeaProjects/university/deeplearning_thesis/nn_backward_connections/data/processed/microns_BUILD.md

NEXT: paste these into src/mfas/io.py DATASETS['microns'] expected_* :
  expected_n=67534, expected_m=10436569, expected_total_weight=15400557
